<?xml version="1.0" encoding="UTF-8"?>
<project xsi:schemaLocation="http://maven.apache.org/POM/4.0.0 http://maven.apache.org/xsd/maven-4.0.0.xsd" xmlns="http://maven.apache.org/POM/4.0.0"
    xmlns:xsi="http://www.w3.org/2001/XMLSchema-instance">
  <modelVersion>4.0.0</modelVersion>
  <groupId>com.mpobjects.maven.it</groupId>
  <artifactId>outputfn-it</artifactId>
  <version>1.0-SNAPSHOT</version>
  <description>IT with a different output filename.</description>
  <properties>
    <project.build.sourceEncoding>UTF-8</project.build.sourceEncoding>
  </properties>
  <dependencyManagement>
    <dependencies>
      <dependency>
        <groupId>junit</groupId>
        <artifactId>junit</artifactId>
        <version>4.12</version>
      </dependency>
      <dependency>
        <groupId>org.hamcrest</groupId>
        <artifactId>hamcrest-core</artifactId>
        <version>1.3</version>
      </dependency>
    </dependencies>
  </dependencyManagement>
  <dependencies>
    <dependency>
      <groupId>junit</groupId>
      <artifactId>junit</artifactId>
      <version>4.12</version>
    </dependency>
  </dependencies>
  <build>
    <plugins>
      <plugin>
        <groupId>@project.groupId@</groupId>
		<artifactId>@project.artifactId@</artifactId>
		<version>@project.version@</version>
		<configuration>
		  <outputFilename>locked.xml</outputFilename>
		</configuration>
        <executions>
          <execution>
            <phase>generate-resources</phase>
            <goals>
              <goal>lock</goal>
            </goals>
          </execution>
        </executions>
      </plugin>
    </plugins>
  </build>
</project>
